awk: /usr/share/bin/pdb_setchain:20: fatal: cannot open file `LEU' for reading (No such file or directory)
